[0.000000] (-) TimerEvent: {}
[0.000403] (webots_sim) JobQueued: {'identifier': 'webots_sim', 'dependencies': OrderedDict()}
[0.000541] (webots_sim) JobStarted: {'identifier': 'webots_sim'}
[0.005133] (webots_sim) JobProgress: {'identifier': 'webots_sim', 'progress': 'cmake'}
[0.005462] (webots_sim) Command: {'cmd': ['/usr/bin/cmake', '/home/jannen/Documents/git/Robotics-Simulators/src/webots_sim', '-DCMAKE_INSTALL_PREFIX=/home/jannen/Documents/git/Robotics-Simulators/install/webots_sim'], 'cwd': '/home/jannen/Documents/git/Robotics-Simulators/build/webots_sim', 'env': OrderedDict([('GJS_DEBUG_TOPICS', 'JS ERROR;JS LOG'), ('LESSOPEN', '| /usr/bin/lesspipe %s'), ('USER', 'jannen'), ('LC_TIME', 'de_DE.UTF-8'), ('XDG_SESSION_TYPE', 'x11'), ('SHLVL', '1'), ('LD_LIBRARY_PATH', '/usr/lib/x86_64-linux-gnu/gazebo-11/plugins:/opt/ros/humble/opt/rviz_ogre_vendor/lib:/opt/ros/humble/lib/x86_64-linux-gnu:/opt/ros/humble/lib'), ('HOME', '/home/jannen'), ('OLDPWD', '/home/jannen/Documents/git/Robotics-Simulators/install'), ('DESKTOP_SESSION', 'ubuntu'), ('GIO_LAUNCHED_DESKTOP_FILE', '/usr/share/applications/terminator.desktop'), ('ROS_PYTHON_VERSION', '3'), ('GNOME_SHELL_SESSION_MODE', 'ubuntu'), ('GTK_MODULES', 'gail:atk-bridge'), ('LC_MONETARY', 'de_DE.UTF-8'), ('MANAGERPID', '2429'), ('SYSTEMD_EXEC_PID', '2856'), ('DBUS_SESSION_BUS_ADDRESS', 'unix:path=/run/user/1000/bus'), ('COLORTERM', 'truecolor'), ('TERMINATOR_DBUS_NAME', 'net.tenshu.Terminator23558193cd9818af7fe4d2c2f5bd9d00f'), ('GIO_LAUNCHED_DESKTOP_FILE_PID', '39795'), ('ROS_DISTRO', 'humble'), ('GTK_IM_MODULE', 'ibus'), ('LOGNAME', 'jannen'), ('JOURNAL_STREAM', '8:3017'), ('_', '/usr/bin/colcon'), ('ROS_VERSION', '2'), ('XDG_SESSION_CLASS', 'user'), ('USERNAME', 'jannen'), ('TERM', 'xterm-256color'), ('GNOME_DESKTOP_SESSION_ID', 'this-is-deprecated'), ('ROBOT_NAME', 'foxy'), ('ROS_LOCALHOST_ONLY', '0'), ('WINDOWPATH', '2'), ('PATH', '/opt/ros/humble/bin:/home/jannen/.local/bin:/usr/local/sbin:/usr/local/bin:/usr/sbin:/usr/bin:/sbin:/bin:/usr/games:/usr/local/games:/snap/bin:/snap/bin'), ('SESSION_MANAGER', 'local/jannen-ThinkPad:@/tmp/.ICE-unix/2834,unix/jannen-ThinkPad:/tmp/.ICE-unix/2834'), ('INVOCATION_ID', '1a703ae9a85a4b82835b2f5d4d7b3053'), ('XDG_MENU_PREFIX', 'gnome-'), ('LC_ADDRESS', 'de_DE.UTF-8'), ('XDG_RUNTIME_DIR', '/run/user/1000'), ('DISPLAY', ':1'), ('TERMINATOR_DBUS_PATH', '/net/tenshu/Terminator2'), ('LANG', 'en_US.UTF-8'), ('XDG_CURRENT_DESKTOP', 'ubuntu:GNOME'), ('IBUS_DISABLE_SNOOPER', '1'), ('LC_TELEPHONE', 'de_DE.UTF-8'), ('XMODIFIERS', '@im=ibus'), ('XDG_SESSION_DESKTOP', 'ubuntu'), ('XAUTHORITY', '/run/user/1000/gdm/Xauthority'), ('LS_COLORS', 'rs=0:di=01;34:ln=01;36:mh=00:pi=40;33:so=01;35:do=01;35:bd=40;33;01:cd=40;33;01:or=40;31;01:mi=00:su=37;41:sg=30;43:ca=30;41:tw=30;42:ow=34;42:st=37;44:ex=01;32:*.tar=01;31:*.tgz=01;31:*.arc=01;31:*.arj=01;31:*.taz=01;31:*.lha=01;31:*.lz4=01;31:*.lzh=01;31:*.lzma=01;31:*.tlz=01;31:*.txz=01;31:*.tzo=01;31:*.t7z=01;31:*.zip=01;31:*.z=01;31:*.dz=01;31:*.gz=01;31:*.lrz=01;31:*.lz=01;31:*.lzo=01;31:*.xz=01;31:*.zst=01;31:*.tzst=01;31:*.bz2=01;31:*.bz=01;31:*.tbz=01;31:*.tbz2=01;31:*.tz=01;31:*.deb=01;31:*.rpm=01;31:*.jar=01;31:*.war=01;31:*.ear=01;31:*.sar=01;31:*.rar=01;31:*.alz=01;31:*.ace=01;31:*.zoo=01;31:*.cpio=01;31:*.7z=01;31:*.rz=01;31:*.cab=01;31:*.wim=01;31:*.swm=01;31:*.dwm=01;31:*.esd=01;31:*.jpg=01;35:*.jpeg=01;35:*.mjpg=01;35:*.mjpeg=01;35:*.gif=01;35:*.bmp=01;35:*.pbm=01;35:*.pgm=01;35:*.ppm=01;35:*.tga=01;35:*.xbm=01;35:*.xpm=01;35:*.tif=01;35:*.tiff=01;35:*.png=01;35:*.svg=01;35:*.svgz=01;35:*.mng=01;35:*.pcx=01;35:*.mov=01;35:*.mpg=01;35:*.mpeg=01;35:*.m2v=01;35:*.mkv=01;35:*.webm=01;35:*.webp=01;35:*.ogm=01;35:*.mp4=01;35:*.m4v=01;35:*.mp4v=01;35:*.vob=01;35:*.qt=01;35:*.nuv=01;35:*.wmv=01;35:*.asf=01;35:*.rm=01;35:*.rmvb=01;35:*.flc=01;35:*.avi=01;35:*.fli=01;35:*.flv=01;35:*.gl=01;35:*.dl=01;35:*.xcf=01;35:*.xwd=01;35:*.yuv=01;35:*.cgm=01;35:*.emf=01;35:*.ogv=01;35:*.ogx=01;35:*.aac=00;36:*.au=00;36:*.flac=00;36:*.m4a=00;36:*.mid=00;36:*.midi=00;36:*.mka=00;36:*.mp3=00;36:*.mpc=00;36:*.ogg=00;36:*.ra=00;36:*.wav=00;36:*.oga=00;36:*.opus=00;36:*.spx=00;36:*.xspf=00;36:'), ('SSH_AGENT_LAUNCHER', 'gnome-keyring'), ('SSH_AUTH_SOCK', '/run/user/1000/keyring/ssh'), ('AMENT_PREFIX_PATH', '/opt/ros/humble'), ('SHELL', '/bin/bash'), ('LC_NAME', 'de_DE.UTF-8'), ('TERMINATOR_UUID', 'urn:uuid:fb6e276e-bacc-41d4-913b-6579e501bc4c'), ('QT_ACCESSIBILITY', '1'), ('GDMSESSION', 'ubuntu'), ('LESSCLOSE', '/usr/bin/lesspipe %s %s'), ('LC_MEASUREMENT', 'de_DE.UTF-8'), ('GPG_AGENT_INFO', '/run/user/1000/gnupg/S.gpg-agent:0:1'), ('GJS_DEBUG_OUTPUT', 'stderr'), ('LC_IDENTIFICATION', 'de_DE.UTF-8'), ('QT_IM_MODULE', 'ibus'), ('PWD', '/home/jannen/Documents/git/Robotics-Simulators/build/webots_sim'), ('QT_QPA_PLATFORM', 'xcb'), ('LC_ALL', 'en_US.UTF-8'), ('XDG_CONFIG_DIRS', '/etc/xdg/xdg-ubuntu:/etc/xdg'), ('XDG_DATA_DIRS', '/usr/share/ubuntu:/usr/share/gnome:/home/jannen/.local/share/flatpak/exports/share:/var/lib/flatpak/exports/share:/usr/local/share/:/usr/share/:/var/lib/snapd/desktop'), ('PYTHONPATH', '/opt/ros/humble/lib/python3.10/site-packages:/opt/ros/humble/local/lib/python3.10/dist-packages'), ('LC_NUMERIC', 'de_DE.UTF-8'), ('LC_PAPER', 'de_DE.UTF-8'), ('COLCON', '1'), ('VTE_VERSION', '6800')]), 'shell': False}
[0.048844] (webots_sim) StdoutLine: {'line': b'-- The C compiler identification is GNU 11.4.0\n'}
[0.086411] (webots_sim) StdoutLine: {'line': b'-- The CXX compiler identification is GNU 11.4.0\n'}
[0.091157] (webots_sim) StdoutLine: {'line': b'-- Detecting C compiler ABI info\n'}
[0.099791] (-) TimerEvent: {}
[0.143961] (webots_sim) StdoutLine: {'line': b'-- Detecting C compiler ABI info - done\n'}
[0.148167] (webots_sim) StdoutLine: {'line': b'-- Check for working C compiler: /usr/bin/cc - skipped\n'}
[0.148304] (webots_sim) StdoutLine: {'line': b'-- Detecting C compile features\n'}
[0.148537] (webots_sim) StdoutLine: {'line': b'-- Detecting C compile features - done\n'}
[0.150310] (webots_sim) StdoutLine: {'line': b'-- Detecting CXX compiler ABI info\n'}
[0.199908] (-) TimerEvent: {}
[0.208677] (webots_sim) StdoutLine: {'line': b'-- Detecting CXX compiler ABI info - done\n'}
[0.213235] (webots_sim) StdoutLine: {'line': b'-- Check for working CXX compiler: /usr/bin/c++ - skipped\n'}
[0.213423] (webots_sim) StdoutLine: {'line': b'-- Detecting CXX compile features\n'}
[0.213795] (webots_sim) StdoutLine: {'line': b'-- Detecting CXX compile features - done\n'}
[0.215121] (webots_sim) StdoutLine: {'line': b'-- Found ament_cmake: 1.3.11 (/opt/ros/humble/share/ament_cmake/cmake)\n'}
[0.299990] (-) TimerEvent: {}
[0.400519] (-) TimerEvent: {}
[0.465518] (webots_sim) StdoutLine: {'line': b'-- Found Python3: /usr/bin/python3 (found version "3.10.12") found components: Interpreter \n'}
[0.500692] (-) TimerEvent: {}
[0.524275] (webots_sim) StdoutLine: {'line': b'-- Found rclcpp: 16.0.12 (/opt/ros/humble/share/rclcpp/cmake)\n'}
[0.551381] (webots_sim) StdoutLine: {'line': b'-- Found rosidl_generator_c: 3.1.6 (/opt/ros/humble/share/rosidl_generator_c/cmake)\n'}
[0.553985] (webots_sim) StdoutLine: {'line': b'-- Found rosidl_adapter: 3.1.6 (/opt/ros/humble/share/rosidl_adapter/cmake)\n'}
[0.558545] (webots_sim) StdoutLine: {'line': b'-- Found rosidl_generator_cpp: 3.1.6 (/opt/ros/humble/share/rosidl_generator_cpp/cmake)\n'}
[0.565345] (webots_sim) StdoutLine: {'line': b'-- Using all available rosidl_typesupport_c: rosidl_typesupport_fastrtps_c;rosidl_typesupport_introspection_c\n'}
[0.574287] (webots_sim) StdoutLine: {'line': b'-- Using all available rosidl_typesupport_cpp: rosidl_typesupport_fastrtps_cpp;rosidl_typesupport_introspection_cpp\n'}
[0.600372] (webots_sim) StdoutLine: {'line': b'-- Found rmw_implementation_cmake: 6.1.2 (/opt/ros/humble/share/rmw_implementation_cmake/cmake)\n'}
[0.600745] (-) TimerEvent: {}
[0.601747] (webots_sim) StdoutLine: {'line': b'-- Found rmw_fastrtps_cpp: 6.2.7 (/opt/ros/humble/share/rmw_fastrtps_cpp/cmake)\n'}
[0.661305] (webots_sim) StdoutLine: {'line': b'-- Found OpenSSL: /usr/lib/x86_64-linux-gnu/libcrypto.so (found version "3.0.2")  \n'}
[0.680167] (webots_sim) StdoutLine: {'line': b'-- Found FastRTPS: /opt/ros/humble/include  \n'}
[0.700880] (-) TimerEvent: {}
[0.711830] (webots_sim) StdoutLine: {'line': b"-- Using RMW implementation 'rmw_fastrtps_cpp' as default\n"}
[0.716643] (webots_sim) StdoutLine: {'line': b'-- Looking for pthread.h\n'}
[0.769125] (webots_sim) StdoutLine: {'line': b'-- Looking for pthread.h - found\n'}
[0.769382] (webots_sim) StdoutLine: {'line': b'-- Performing Test CMAKE_HAVE_LIBC_PTHREAD\n'}
[0.800992] (-) TimerEvent: {}
[0.826205] (webots_sim) StdoutLine: {'line': b'-- Performing Test CMAKE_HAVE_LIBC_PTHREAD - Success\n'}
[0.826948] (webots_sim) StdoutLine: {'line': b'-- Found Threads: TRUE  \n'}
[0.862814] (webots_sim) StderrLine: {'line': b'\x1b[33mCMake Warning (dev) at /usr/share/cmake-3.22/Modules/FindPackageHandleStandardArgs.cmake:438 (message):\n'}
[0.863115] (webots_sim) StderrLine: {'line': b'  The package name passed to `find_package_handle_standard_args` (PkgConfig)\n'}
[0.863206] (webots_sim) StderrLine: {'line': b'  does not match the name of the calling package (gazebo).  This can lead to\n'}
[0.863270] (webots_sim) StderrLine: {'line': b'  problems in calling code that expects `find_package` result variables\n'}
[0.863329] (webots_sim) StderrLine: {'line': b'  (e.g., `_FOUND`) to follow a certain pattern.\n'}
[0.863387] (webots_sim) StderrLine: {'line': b'Call Stack (most recent call first):\n'}
[0.863443] (webots_sim) StderrLine: {'line': b'  /usr/share/cmake-3.22/Modules/FindPkgConfig.cmake:99 (find_package_handle_standard_args)\n'}
[0.863500] (webots_sim) StderrLine: {'line': b'  /usr/lib/x86_64-linux-gnu/cmake/gazebo/gazebo-config.cmake:72 (include)\n'}
[0.863555] (webots_sim) StderrLine: {'line': b'  CMakeLists.txt:16 (find_package)\n'}
[0.863610] (webots_sim) StderrLine: {'line': b'This warning is for project developers.  Use -Wno-dev to suppress it.\n'}
[0.863665] (webots_sim) StderrLine: {'line': b'\x1b[0m\n'}
[0.863719] (webots_sim) StdoutLine: {'line': b'-- Found PkgConfig: /usr/bin/pkg-config (found version "0.29.2") \n'}
[0.864634] (webots_sim) StdoutLine: {'line': b"-- Checking for module 'bullet>=2.82'\n"}
[0.875486] (webots_sim) StdoutLine: {'line': b'--   Found bullet, version 3.05\n'}
[0.901106] (-) TimerEvent: {}
[0.953777] (webots_sim) StdoutLine: {'line': b'-- Found fcl: /usr/include (found suitable version "0.7.0", minimum required is "0.5.0") \n'}
[0.996794] (webots_sim) StdoutLine: {'line': b'-- Found assimp: /usr/include (found version "5.2.0") \n'}
[1.001163] (-) TimerEvent: {}
[1.007739] (webots_sim) StdoutLine: {'line': b'-- Found DART: /usr/include (Required is at least version "6.6") found components: dart \n'}
[1.021304] (webots_sim) StdoutLine: {'line': b'-- Found Boost: /usr/lib/x86_64-linux-gnu/cmake/Boost-1.74.0/BoostConfig.cmake (found suitable version "1.74.0", minimum required is "1.40.0") found components: thread system filesystem program_options regex iostreams date_time \n'}
[1.030671] (webots_sim) StdoutLine: {'line': b'-- Found Protobuf: /usr/lib/x86_64-linux-gnu/libprotobuf.so (found version "3.12.4") \n'}
[1.035153] (webots_sim) StdoutLine: {'line': b'-- Looking for ignition-math6 -- found version 6.15.1\n'}
[1.038632] (webots_sim) StdoutLine: {'line': b'-- Searching for dependencies of ignition-math6\n'}
[1.039508] (webots_sim) StdoutLine: {'line': b'-- Looking for OGRE...\n'}
[1.039771] (webots_sim) StdoutLine: {'line': b'-- OGRE_PREFIX_WATCH changed.\n'}
[1.044547] (webots_sim) StdoutLine: {'line': b"-- Checking for module 'OGRE'\n"}
[1.056047] (webots_sim) StdoutLine: {'line': b'--   Found OGRE, version 1.9.0\n'}
[1.085391] (webots_sim) StdoutLine: {'line': b'-- Found Ogre Ghadamon (1.9.0)\n'}
[1.091734] (webots_sim) StdoutLine: {'line': b'-- Found OGRE: optimized;/usr/lib/x86_64-linux-gnu/libOgreMain.so;debug;/usr/lib/x86_64-linux-gnu/libOgreMain.so\n'}
[1.098351] (webots_sim) StdoutLine: {'line': b'-- Looking for OGRE_Paging...\n'}
[1.101230] (-) TimerEvent: {}
[1.101571] (webots_sim) StdoutLine: {'line': b'-- Found OGRE_Paging: optimized;/usr/lib/x86_64-linux-gnu/libOgrePaging.so;debug;/usr/lib/x86_64-linux-gnu/libOgrePaging.so\n'}
[1.101720] (webots_sim) StdoutLine: {'line': b'-- Looking for OGRE_Terrain...\n'}
[1.104386] (webots_sim) StdoutLine: {'line': b'-- Found OGRE_Terrain: optimized;/usr/lib/x86_64-linux-gnu/libOgreTerrain.so;debug;/usr/lib/x86_64-linux-gnu/libOgreTerrain.so\n'}
[1.104562] (webots_sim) StdoutLine: {'line': b'-- Looking for OGRE_Property...\n'}
[1.107422] (webots_sim) StdoutLine: {'line': b'-- Found OGRE_Property: optimized;/usr/lib/x86_64-linux-gnu/libOgreProperty.so;debug;/usr/lib/x86_64-linux-gnu/libOgreProperty.so\n'}
[1.107555] (webots_sim) StdoutLine: {'line': b'-- Looking for OGRE_RTShaderSystem...\n'}
[1.110259] (webots_sim) StdoutLine: {'line': b'-- Found OGRE_RTShaderSystem: optimized;/usr/lib/x86_64-linux-gnu/libOgreRTShaderSystem.so;debug;/usr/lib/x86_64-linux-gnu/libOgreRTShaderSystem.so\n'}
[1.110349] (webots_sim) StdoutLine: {'line': b'-- Looking for OGRE_Volume...\n'}
[1.113132] (webots_sim) StdoutLine: {'line': b'-- Found OGRE_Volume: optimized;/usr/lib/x86_64-linux-gnu/libOgreVolume.so;debug;/usr/lib/x86_64-linux-gnu/libOgreVolume.so\n'}
[1.113231] (webots_sim) StdoutLine: {'line': b'-- Looking for OGRE_Overlay...\n'}
[1.116033] (webots_sim) StdoutLine: {'line': b'-- Found OGRE_Overlay: optimized;/usr/lib/x86_64-linux-gnu/libOgreOverlay.so;debug;/usr/lib/x86_64-linux-gnu/libOgreOverlay.so\n'}
[1.179791] (webots_sim) StdoutLine: {'line': b'-- Looking for ignition-math6 -- found version 6.15.1\n'}
[1.180967] (webots_sim) StdoutLine: {'line': b'-- Looking for ignition-transport8 -- found version 8.2.1\n'}
[1.181286] (webots_sim) StdoutLine: {'line': b'-- Searching for dependencies of ignition-transport8\n'}
[1.193073] (webots_sim) StdoutLine: {'line': b'-- Found Protobuf: /usr/lib/x86_64-linux-gnu/libprotobuf.so (found suitable version "3.12.4", minimum required is "3") \n'}
[1.201348] (-) TimerEvent: {}
[1.205968] (webots_sim) StdoutLine: {'line': b'-- Config-file not installed for ZeroMQ -- checking for pkg-config\n'}
[1.211030] (webots_sim) StdoutLine: {'line': b"-- Checking for module 'libzmq >= 4'\n"}
[1.221483] (webots_sim) StdoutLine: {'line': b'--   Found libzmq , version 4.3.4\n'}
[1.253401] (webots_sim) StdoutLine: {'line': b'-- Found ZeroMQ: TRUE (Required is at least version "4") \n'}
[1.258586] (webots_sim) StdoutLine: {'line': b"-- Checking for module 'uuid'\n"}
[1.269506] (webots_sim) StdoutLine: {'line': b'--   Found uuid, version 2.37.2\n'}
[1.298512] (webots_sim) StdoutLine: {'line': b'-- Found UUID: TRUE  \n'}
[1.300726] (webots_sim) StdoutLine: {'line': b'-- Looking for ignition-msgs5 -- found version 5.8.1\n'}
[1.301147] (webots_sim) StdoutLine: {'line': b'-- Searching for dependencies of ignition-msgs5\n'}
[1.301402] (-) TimerEvent: {}
[1.316079] (webots_sim) StdoutLine: {'line': b'-- Looking for ignition-math6 -- found version 6.15.1\n'}
[1.319233] (webots_sim) StdoutLine: {'line': b"-- Checking for module 'tinyxml2'\n"}
[1.330318] (webots_sim) StdoutLine: {'line': b'--   Found tinyxml2, version 9.0.0\n'}
[1.358455] (webots_sim) StdoutLine: {'line': b'-- Looking for ignition-msgs5 -- found version 5.8.1\n'}
[1.359578] (webots_sim) StdoutLine: {'line': b'-- Looking for ignition-common3 -- found version 3.14.0\n'}
[1.359840] (webots_sim) StdoutLine: {'line': b'-- Searching for dependencies of ignition-common3\n'}
[1.359967] (webots_sim) StdoutLine: {'line': b'-- Looking for dlfcn.h - found\n'}
[1.360668] (webots_sim) StdoutLine: {'line': b'-- Looking for libdl - found\n'}
[1.361655] (webots_sim) StdoutLine: {'line': b'-- Found DL: TRUE  \n'}
[1.373174] (webots_sim) StdoutLine: {'line': b'-- Found tinyobjloader: /usr/lib/x86_64-linux-gnu/cmake/tinyobjloader/tinyobjloader-config.cmake (found version "2.0.0") \n'}
[1.373442] (webots_sim) StdoutLine: {'line': b'-- Searching for <ignition-common3> component [graphics]\n'}
[1.374503] (webots_sim) StdoutLine: {'line': b'-- Looking for ignition-common3-graphics -- found version 3.14.0\n'}
[1.374758] (webots_sim) StdoutLine: {'line': b'-- Searching for dependencies of ignition-common3-graphics\n'}
[1.374954] (webots_sim) StdoutLine: {'line': b'-- Looking for ignition-math6 -- found version 6.15.1\n'}
[1.376340] (webots_sim) StdoutLine: {'line': b'-- Looking for ignition-fuel_tools4 -- found version 4.4.0\n'}
[1.376584] (webots_sim) StdoutLine: {'line': b'-- Searching for dependencies of ignition-fuel_tools4\n'}
[1.401528] (-) TimerEvent: {}
[1.443480] (webots_sim) StdoutLine: {'line': b'-- Found CURL: /usr/lib/x86_64-linux-gnu/libcurl.so (found version "7.81.0")  \n'}
[1.451337] (webots_sim) StdoutLine: {'line': b"-- Checking for module 'jsoncpp'\n"}
[1.462160] (webots_sim) StdoutLine: {'line': b'--   Found jsoncpp, version 1.9.5\n'}
[1.491741] (webots_sim) StdoutLine: {'line': b'-- Found JSONCPP: TRUE  \n'}
[1.495723] (webots_sim) StdoutLine: {'line': b"-- Checking for module 'libzip'\n"}
[1.501612] (-) TimerEvent: {}
[1.506641] (webots_sim) StdoutLine: {'line': b'--   Found libzip, version 1.7.3\n'}
[1.532724] (webots_sim) StdoutLine: {'line': b'-- Found ZIP: TRUE  \n'}
[1.533010] (webots_sim) StdoutLine: {'line': b'-- Looking for ignition-common3 -- found version 3.14.0\n'}
[1.533309] (webots_sim) StdoutLine: {'line': b'-- Looking for ignition-math6 -- found version 6.15.1\n'}
[1.533586] (webots_sim) StdoutLine: {'line': b'-- Looking for ignition-msgs5 -- found version 5.8.1\n'}
[1.536358] (webots_sim) StdoutLine: {'line': b'-- Found gazebo_ros_pkgs: 3.9.0 (/opt/ros/humble/share/gazebo_ros_pkgs/cmake)\n'}
[1.537156] (webots_sim) StdoutLine: {'line': b'-- Found geometry_msgs: 4.8.0 (/opt/ros/humble/share/geometry_msgs/cmake)\n'}
[1.545899] (webots_sim) StdoutLine: {'line': b'-- Found nav_msgs: 4.8.0 (/opt/ros/humble/share/nav_msgs/cmake)\n'}
[1.556984] (webots_sim) StdoutLine: {'line': b'-- Found sensor_msgs: 4.8.0 (/opt/ros/humble/share/sensor_msgs/cmake)\n'}
[1.567349] (webots_sim) StdoutLine: {'line': b'-- Found tf2: 0.25.12 (/opt/ros/humble/share/tf2/cmake)\n'}
[1.601745] (-) TimerEvent: {}
[1.618419] (webots_sim) StderrLine: {'line': b"Error parsing '/home/jannen/Documents/git/Robotics-Simulators/src/webots_sim/package.xml':\n"}
[1.642866] (webots_sim) StderrLine: {'line': b'Traceback (most recent call last):\n'}
[1.642999] (webots_sim) StderrLine: {'line': b'  File "/home/jannen/.local/lib/python3.10/site-packages/catkin_pkg/package.py", line 610, in parse_package_string\n'}
[1.647173] (webots_sim) StderrLine: {'line': b'    root = dom.parseString(data)\n'}
[1.647250] (webots_sim) StderrLine: {'line': b'  File "/usr/lib/python3.10/xml/dom/minidom.py", line 2000, in parseString\n'}
[1.647961] (webots_sim) StderrLine: {'line': b'    return expatbuilder.parseString(string)\n'}
[1.648032] (webots_sim) StderrLine: {'line': b'  File "/usr/lib/python3.10/xml/dom/expatbuilder.py", line 925, in parseString\n'}
[1.648545] (webots_sim) StderrLine: {'line': b'    return builder.parseString(string)\n'}
[1.648611] (webots_sim) StderrLine: {'line': b'  File "/usr/lib/python3.10/xml/dom/expatbuilder.py", line 223, in parseString\n'}
[1.648637] (webots_sim) StderrLine: {'line': b'    parser.Parse(string, True)\n'}
[1.648665] (webots_sim) StderrLine: {'line': b'xml.parsers.expat.ExpatError: XML or text declaration not at start of entity: line 2, column 0\n'}
[1.648691] (webots_sim) StderrLine: {'line': b'\n'}
[1.648717] (webots_sim) StderrLine: {'line': b'During handling of the above exception, another exception occurred:\n'}
[1.648743] (webots_sim) StderrLine: {'line': b'\n'}
[1.648767] (webots_sim) StderrLine: {'line': b'Traceback (most recent call last):\n'}
[1.648792] (webots_sim) StderrLine: {'line': b'  File "/opt/ros/humble/share/ament_cmake_core/cmake/core/package_xml_2_cmake.py", line 150, in <module>\n'}
[1.648817] (webots_sim) StderrLine: {'line': b'    main()\n'}
[1.648840] (webots_sim) StderrLine: {'line': b'  File "/opt/ros/humble/share/ament_cmake_core/cmake/core/package_xml_2_cmake.py", line 53, in main\n'}
[1.648865] (webots_sim) StderrLine: {'line': b'    raise e\n'}
[1.648889] (webots_sim) StderrLine: {'line': b'  File "/opt/ros/humble/share/ament_cmake_core/cmake/core/package_xml_2_cmake.py", line 49, in main\n'}
[1.648912] (webots_sim) StderrLine: {'line': b'    package = parse_package_string(\n'}
[1.648944] (webots_sim) StderrLine: {'line': b'  File "/home/jannen/.local/lib/python3.10/site-packages/catkin_pkg/package.py", line 612, in parse_package_string\n'}
[1.648969] (webots_sim) StderrLine: {'line': b"    raise InvalidPackage('The manifest contains invalid XML:\\n%s' % ex, filename)\n"}
[1.648994] (webots_sim) StderrLine: {'line': b"catkin_pkg.package.InvalidPackage: Error(s) in package '/home/jannen/Documents/git/Robotics-Simulators/src/webots_sim/package.xml':\n"}
[1.649022] (webots_sim) StderrLine: {'line': b'The manifest contains invalid XML:\n'}
[1.649046] (webots_sim) StderrLine: {'line': b'XML or text declaration not at start of entity: line 2, column 0\n'}
[1.660546] (webots_sim) StderrLine: {'line': b'\x1b[31mCMake Error at /opt/ros/humble/share/ament_cmake_core/cmake/core/ament_package_xml.cmake:95 (message):\n'}
[1.660714] (webots_sim) StderrLine: {'line': b'  execute_process(/usr/bin/python3\n'}
[1.660745] (webots_sim) StderrLine: {'line': b'  /opt/ros/humble/share/ament_cmake_core/cmake/core/package_xml_2_cmake.py\n'}
[1.660773] (webots_sim) StderrLine: {'line': b'  /home/jannen/Documents/git/Robotics-Simulators/src/webots_sim/package.xml\n'}
[1.660801] (webots_sim) StderrLine: {'line': b'  /home/jannen/Documents/git/Robotics-Simulators/build/webots_sim/ament_cmake_core/package.cmake)\n'}
[1.660828] (webots_sim) StderrLine: {'line': b'  returned error code 1\n'}
[1.660853] (webots_sim) StderrLine: {'line': b'Call Stack (most recent call first):\n'}
[1.660879] (webots_sim) StderrLine: {'line': b'  /opt/ros/humble/share/ament_cmake_core/cmake/core/ament_package_xml.cmake:49 (_ament_package_xml)\n'}
[1.660905] (webots_sim) StderrLine: {'line': b'  /opt/ros/humble/share/ament_cmake_core/cmake/core/ament_package.cmake:63 (ament_package_xml)\n'}
[1.660930] (webots_sim) StderrLine: {'line': b'  CMakeLists.txt:85 (ament_package)\n'}
[1.660955] (webots_sim) StderrLine: {'line': b'\n'}
[1.660980] (webots_sim) StderrLine: {'line': b'\x1b[0m\n'}
[1.661005] (webots_sim) StdoutLine: {'line': b'-- Configuring incomplete, errors occurred!\n'}
[1.661038] (webots_sim) StdoutLine: {'line': b'See also "/home/jannen/Documents/git/Robotics-Simulators/build/webots_sim/CMakeFiles/CMakeOutput.log".\n'}
[1.670616] (webots_sim) CommandEnded: {'returncode': 1}
[1.671435] (webots_sim) JobEnded: {'identifier': 'webots_sim', 'rc': 1}
[1.681964] (-) EventReactorShutdown: {}
