[0.006s] Invoking command in '/home/jannen/Documents/git/Robotics-Simulators/build/webots_sim': /usr/bin/cmake /home/jannen/Documents/git/Robotics-Simulators/src/webots_sim -DCMAKE_INSTALL_PREFIX=/home/jannen/Documents/git/Robotics-Simulators/install/webots_sim
[0.048s] -- The C compiler identification is GNU 11.4.0
[0.086s] -- The CXX compiler identification is GNU 11.4.0
[0.091s] -- Detecting C compiler ABI info
[0.143s] -- Detecting C compiler ABI info - done
[0.148s] -- Check for working C compiler: /usr/bin/cc - skipped
[0.148s] -- Detecting C compile features
[0.148s] -- Detecting C compile features - done
[0.150s] -- Detecting CXX compiler ABI info
[0.208s] -- Detecting CXX compiler ABI info - done
[0.213s] -- Check for working CXX compiler: /usr/bin/c++ - skipped
[0.213s] -- Detecting CXX compile features
[0.213s] -- Detecting CXX compile features - done
[0.215s] -- Found ament_cmake: 1.3.11 (/opt/ros/humble/share/ament_cmake/cmake)
[0.465s] -- Found Python3: /usr/bin/python3 (found version "3.10.12") found components: Interpreter 
[0.524s] -- Found rclcpp: 16.0.12 (/opt/ros/humble/share/rclcpp/cmake)
[0.551s] -- Found rosidl_generator_c: 3.1.6 (/opt/ros/humble/share/rosidl_generator_c/cmake)
[0.553s] -- Found rosidl_adapter: 3.1.6 (/opt/ros/humble/share/rosidl_adapter/cmake)
[0.558s] -- Found rosidl_generator_cpp: 3.1.6 (/opt/ros/humble/share/rosidl_generator_cpp/cmake)
[0.565s] -- Using all available rosidl_typesupport_c: rosidl_typesupport_fastrtps_c;rosidl_typesupport_introspection_c
[0.574s] -- Using all available rosidl_typesupport_cpp: rosidl_typesupport_fastrtps_cpp;rosidl_typesupport_introspection_cpp
[0.600s] -- Found rmw_implementation_cmake: 6.1.2 (/opt/ros/humble/share/rmw_implementation_cmake/cmake)
[0.601s] -- Found rmw_fastrtps_cpp: 6.2.7 (/opt/ros/humble/share/rmw_fastrtps_cpp/cmake)
[0.661s] -- Found OpenSSL: /usr/lib/x86_64-linux-gnu/libcrypto.so (found version "3.0.2")  
[0.680s] -- Found FastRTPS: /opt/ros/humble/include  
[0.711s] -- Using RMW implementation 'rmw_fastrtps_cpp' as default
[0.716s] -- Looking for pthread.h
[0.769s] -- Looking for pthread.h - found
[0.769s] -- Performing Test CMAKE_HAVE_LIBC_PTHREAD
[0.826s] -- Performing Test CMAKE_HAVE_LIBC_PTHREAD - Success
[0.826s] -- Found Threads: TRUE  
[0.862s] [33mCMake Warning (dev) at /usr/share/cmake-3.22/Modules/FindPackageHandleStandardArgs.cmake:438 (message):
[0.863s]   The package name passed to `find_package_handle_standard_args` (PkgConfig)
[0.863s]   does not match the name of the calling package (gazebo).  This can lead to
[0.863s]   problems in calling code that expects `find_package` result variables
[0.863s]   (e.g., `_FOUND`) to follow a certain pattern.
[0.863s] Call Stack (most recent call first):
[0.863s]   /usr/share/cmake-3.22/Modules/FindPkgConfig.cmake:99 (find_package_handle_standard_args)
[0.863s]   /usr/lib/x86_64-linux-gnu/cmake/gazebo/gazebo-config.cmake:72 (include)
[0.863s]   CMakeLists.txt:16 (find_package)
[0.863s] This warning is for project developers.  Use -Wno-dev to suppress it.
[0.863s] [0m
[0.863s] -- Found PkgConfig: /usr/bin/pkg-config (found version "0.29.2") 
[0.864s] -- Checking for module 'bullet>=2.82'
[0.875s] --   Found bullet, version 3.05
[0.953s] -- Found fcl: /usr/include (found suitable version "0.7.0", minimum required is "0.5.0") 
[0.996s] -- Found assimp: /usr/include (found version "5.2.0") 
[1.007s] -- Found DART: /usr/include (Required is at least version "6.6") found components: dart 
[1.021s] -- Found Boost: /usr/lib/x86_64-linux-gnu/cmake/Boost-1.74.0/BoostConfig.cmake (found suitable version "1.74.0", minimum required is "1.40.0") found components: thread system filesystem program_options regex iostreams date_time 
[1.030s] -- Found Protobuf: /usr/lib/x86_64-linux-gnu/libprotobuf.so (found version "3.12.4") 
[1.035s] -- Looking for ignition-math6 -- found version 6.15.1
[1.038s] -- Searching for dependencies of ignition-math6
[1.039s] -- Looking for OGRE...
[1.039s] -- OGRE_PREFIX_WATCH changed.
[1.044s] -- Checking for module 'OGRE'
[1.056s] --   Found OGRE, version 1.9.0
[1.085s] -- Found Ogre Ghadamon (1.9.0)
[1.091s] -- Found OGRE: optimized;/usr/lib/x86_64-linux-gnu/libOgreMain.so;debug;/usr/lib/x86_64-linux-gnu/libOgreMain.so
[1.098s] -- Looking for OGRE_Paging...
[1.101s] -- Found OGRE_Paging: optimized;/usr/lib/x86_64-linux-gnu/libOgrePaging.so;debug;/usr/lib/x86_64-linux-gnu/libOgrePaging.so
[1.101s] -- Looking for OGRE_Terrain...
[1.104s] -- Found OGRE_Terrain: optimized;/usr/lib/x86_64-linux-gnu/libOgreTerrain.so;debug;/usr/lib/x86_64-linux-gnu/libOgreTerrain.so
[1.104s] -- Looking for OGRE_Property...
[1.107s] -- Found OGRE_Property: optimized;/usr/lib/x86_64-linux-gnu/libOgreProperty.so;debug;/usr/lib/x86_64-linux-gnu/libOgreProperty.so
[1.107s] -- Looking for OGRE_RTShaderSystem...
[1.110s] -- Found OGRE_RTShaderSystem: optimized;/usr/lib/x86_64-linux-gnu/libOgreRTShaderSystem.so;debug;/usr/lib/x86_64-linux-gnu/libOgreRTShaderSystem.so
[1.110s] -- Looking for OGRE_Volume...
[1.113s] -- Found OGRE_Volume: optimized;/usr/lib/x86_64-linux-gnu/libOgreVolume.so;debug;/usr/lib/x86_64-linux-gnu/libOgreVolume.so
[1.113s] -- Looking for OGRE_Overlay...
[1.115s] -- Found OGRE_Overlay: optimized;/usr/lib/x86_64-linux-gnu/libOgreOverlay.so;debug;/usr/lib/x86_64-linux-gnu/libOgreOverlay.so
[1.179s] -- Looking for ignition-math6 -- found version 6.15.1
[1.180s] -- Looking for ignition-transport8 -- found version 8.2.1
[1.181s] -- Searching for dependencies of ignition-transport8
[1.193s] -- Found Protobuf: /usr/lib/x86_64-linux-gnu/libprotobuf.so (found suitable version "3.12.4", minimum required is "3") 
[1.206s] -- Config-file not installed for ZeroMQ -- checking for pkg-config
[1.211s] -- Checking for module 'libzmq >= 4'
[1.221s] --   Found libzmq , version 4.3.4
[1.253s] -- Found ZeroMQ: TRUE (Required is at least version "4") 
[1.258s] -- Checking for module 'uuid'
[1.269s] --   Found uuid, version 2.37.2
[1.298s] -- Found UUID: TRUE  
[1.300s] -- Looking for ignition-msgs5 -- found version 5.8.1
[1.301s] -- Searching for dependencies of ignition-msgs5
[1.316s] -- Looking for ignition-math6 -- found version 6.15.1
[1.319s] -- Checking for module 'tinyxml2'
[1.330s] --   Found tinyxml2, version 9.0.0
[1.358s] -- Looking for ignition-msgs5 -- found version 5.8.1
[1.359s] -- Looking for ignition-common3 -- found version 3.14.0
[1.359s] -- Searching for dependencies of ignition-common3
[1.359s] -- Looking for dlfcn.h - found
[1.360s] -- Looking for libdl - found
[1.361s] -- Found DL: TRUE  
[1.373s] -- Found tinyobjloader: /usr/lib/x86_64-linux-gnu/cmake/tinyobjloader/tinyobjloader-config.cmake (found version "2.0.0") 
[1.373s] -- Searching for <ignition-common3> component [graphics]
[1.374s] -- Looking for ignition-common3-graphics -- found version 3.14.0
[1.374s] -- Searching for dependencies of ignition-common3-graphics
[1.374s] -- Looking for ignition-math6 -- found version 6.15.1
[1.376s] -- Looking for ignition-fuel_tools4 -- found version 4.4.0
[1.376s] -- Searching for dependencies of ignition-fuel_tools4
[1.443s] -- Found CURL: /usr/lib/x86_64-linux-gnu/libcurl.so (found version "7.81.0")  
[1.451s] -- Checking for module 'jsoncpp'
[1.462s] --   Found jsoncpp, version 1.9.5
[1.491s] -- Found JSONCPP: TRUE  
[1.495s] -- Checking for module 'libzip'
[1.506s] --   Found libzip, version 1.7.3
[1.532s] -- Found ZIP: TRUE  
[1.532s] -- Looking for ignition-common3 -- found version 3.14.0
[1.533s] -- Looking for ignition-math6 -- found version 6.15.1
[1.533s] -- Looking for ignition-msgs5 -- found version 5.8.1
[1.536s] -- Found gazebo_ros_pkgs: 3.9.0 (/opt/ros/humble/share/gazebo_ros_pkgs/cmake)
[1.537s] -- Found geometry_msgs: 4.8.0 (/opt/ros/humble/share/geometry_msgs/cmake)
[1.545s] -- Found nav_msgs: 4.8.0 (/opt/ros/humble/share/nav_msgs/cmake)
[1.556s] -- Found sensor_msgs: 4.8.0 (/opt/ros/humble/share/sensor_msgs/cmake)
[1.567s] -- Found tf2: 0.25.12 (/opt/ros/humble/share/tf2/cmake)
[1.618s] Error parsing '/home/jannen/Documents/git/Robotics-Simulators/src/webots_sim/package.xml':
[1.642s] Traceback (most recent call last):
[1.642s]   File "/home/jannen/.local/lib/python3.10/site-packages/catkin_pkg/package.py", line 610, in parse_package_string
[1.647s]     root = dom.parseString(data)
[1.647s]   File "/usr/lib/python3.10/xml/dom/minidom.py", line 2000, in parseString
[1.647s]     return expatbuilder.parseString(string)
[1.647s]   File "/usr/lib/python3.10/xml/dom/expatbuilder.py", line 925, in parseString
[1.648s]     return builder.parseString(string)
[1.648s]   File "/usr/lib/python3.10/xml/dom/expatbuilder.py", line 223, in parseString
[1.648s]     parser.Parse(string, True)
[1.648s] xml.parsers.expat.ExpatError: XML or text declaration not at start of entity: line 2, column 0
[1.648s] 
[1.648s] During handling of the above exception, another exception occurred:
[1.648s] 
[1.648s] Traceback (most recent call last):
[1.648s]   File "/opt/ros/humble/share/ament_cmake_core/cmake/core/package_xml_2_cmake.py", line 150, in <module>
[1.648s]     main()
[1.648s]   File "/opt/ros/humble/share/ament_cmake_core/cmake/core/package_xml_2_cmake.py", line 53, in main
[1.648s]     raise e
[1.648s]   File "/opt/ros/humble/share/ament_cmake_core/cmake/core/package_xml_2_cmake.py", line 49, in main
[1.648s]     package = parse_package_string(
[1.648s]   File "/home/jannen/.local/lib/python3.10/site-packages/catkin_pkg/package.py", line 612, in parse_package_string
[1.648s]     raise InvalidPackage('The manifest contains invalid XML:\n%s' % ex, filename)
[1.648s] catkin_pkg.package.InvalidPackage: Error(s) in package '/home/jannen/Documents/git/Robotics-Simulators/src/webots_sim/package.xml':
[1.648s] The manifest contains invalid XML:
[1.648s] XML or text declaration not at start of entity: line 2, column 0
[1.660s] [31mCMake Error at /opt/ros/humble/share/ament_cmake_core/cmake/core/ament_package_xml.cmake:95 (message):
[1.660s]   execute_process(/usr/bin/python3
[1.660s]   /opt/ros/humble/share/ament_cmake_core/cmake/core/package_xml_2_cmake.py
[1.660s]   /home/jannen/Documents/git/Robotics-Simulators/src/webots_sim/package.xml
[1.660s]   /home/jannen/Documents/git/Robotics-Simulators/build/webots_sim/ament_cmake_core/package.cmake)
[1.660s]   returned error code 1
[1.660s] Call Stack (most recent call first):
[1.660s]   /opt/ros/humble/share/ament_cmake_core/cmake/core/ament_package_xml.cmake:49 (_ament_package_xml)
[1.660s]   /opt/ros/humble/share/ament_cmake_core/cmake/core/ament_package.cmake:63 (ament_package_xml)
[1.660s]   CMakeLists.txt:85 (ament_package)
[1.660s] 
[1.660s] [0m
[1.660s] -- Configuring incomplete, errors occurred!
[1.660s] See also "/home/jannen/Documents/git/Robotics-Simulators/build/webots_sim/CMakeFiles/CMakeOutput.log".
[1.670s] Invoked command in '/home/jannen/Documents/git/Robotics-Simulators/build/webots_sim' returned '1': /usr/bin/cmake /home/jannen/Documents/git/Robotics-Simulators/src/webots_sim -DCMAKE_INSTALL_PREFIX=/home/jannen/Documents/git/Robotics-Simulators/install/webots_sim
